Invoked as: ./configure --prefix=/opt/sqlite/sqlite3
Tclsh: /home/ec2-user/environment/exercise6_answer/sqlite-autoconf-3490100/jimsh0
Failed: cc conftest__.c -o conftest__
/tmp/ccLEMebD.o: In function `main':
conftest__.c:(.text+0x5): undefined reference to `localtime_s'
collect2: error: ld returned 1 exit status
============
The failed code was:
extern void localtime_s(void);
int main(void) {
localtime_s();
return 0;
}
============
Failed: cc conftest__.c -o conftest__
/tmp/ccT1Sh6a.o: In function `main':
conftest__.c:(.text+0x5): undefined reference to `deflate'
collect2: error: ld returned 1 exit status
============
The failed code was:
extern void deflate(void);
int main(void) {
deflate();
return 0;
}
============
Failed: cc -c -rpath /opt/sqlite/sqlite3/lib conftest__.c -o conftest__.o
cc: error: /opt/sqlite/sqlite3/lib: No such file or directory
cc: error: unrecognized command line option ‘-rpath’
============
The failed code was:
int main(void) {

return 0;
}
============
Failed: cc -O2 -g conftest__.c -o conftest__
/tmp/ccZIvUde.o: In function `main':
/home/ec2-user/environment/exercise6_answer/sqlite-autoconf-3490100/conftest__.c:3: undefined reference to `pthread_create'
collect2: error: ld returned 1 exit status
============
The failed code was:
extern void pthread_create(void);
int main(void) {
pthread_create();
return 0;
}
============
Failed: cc -O2 -g conftest__.c -o conftest__
/tmp/ccY0s0bj.o: In function `main':
/home/ec2-user/environment/exercise6_answer/sqlite-autoconf-3490100/conftest__.c:3: undefined reference to `pthread_mutexattr_init'
collect2: error: ld returned 1 exit status
============
The failed code was:
extern void pthread_mutexattr_init(void);
int main(void) {
pthread_mutexattr_init();
return 0;
}
============
Failed: cc -O2 -g conftest__.c -o conftest__
/tmp/ccEsKc4o.o: In function `main':
/home/ec2-user/environment/exercise6_answer/sqlite-autoconf-3490100/conftest__.c:3: undefined reference to `tgetent'
collect2: error: ld returned 1 exit status
============
The failed code was:
extern void tgetent(void);
int main(void) {
tgetent();
return 0;
}
============
Failed: cc -O2 -g conftest__.c -o conftest__ -lreadline
/usr/bin/ld: /tmp/ccR6E9ur.o: undefined reference to symbol 'tgetent'
//usr/lib64/libtinfo.so.6: error adding symbols: DSO missing from command line
collect2: error: ld returned 1 exit status
============
The failed code was:
extern void tgetent(void);
int main(void) {
tgetent();
return 0;
}
============
Failed: cc -O2 -g conftest__.c -o conftest__ -lncurses
/tmp/cckBZdxw.o: In function `main':
/home/ec2-user/environment/exercise6_answer/sqlite-autoconf-3490100/conftest__.c:3: undefined reference to `readline'
collect2: error: ld returned 1 exit status
============
The failed code was:
extern void readline(void);
int main(void) {
readline();
return 0;
}
============
Failed: cc -O2 -g conftest__.c -o conftest__
/tmp/ccvfM3jD.o: In function `main':
/home/ec2-user/environment/exercise6_answer/sqlite-autoconf-3490100/conftest__.c:3: undefined reference to `dlopen'
collect2: error: ld returned 1 exit status
============
The failed code was:
extern void dlopen(void);
int main(void) {
dlopen();
return 0;
}
============
Failed: cc -O2 -g conftest__.c -o conftest__
conftest__.c:1:13: warning: conflicting types for built-in function ‘ceil’ [-Wbuiltin-declaration-mismatch]
 extern void ceil(void);
             ^~~~
/tmp/cc0arK1I.o: In function `main':
/home/ec2-user/environment/exercise6_answer/sqlite-autoconf-3490100/conftest__.c:3: undefined reference to `ceil'
collect2: error: ld returned 1 exit status
============
The failed code was:
extern void ceil(void);
int main(void) {
ceil();
return 0;
}
============
